<?xml version="1.0" encoding="utf-8"?>
<post>
  <title>home assisant weifhu</title>
  <slug>home-assisant-weifhu</slug>
  <pubDate>2022-03-29T07:03:39.625Z</pubDate>
  <lastModified>2022-03-30T13:48:21.565Z</lastModified>
  <excerpt>Clean up the Cache and Obsolete Files</excerpt>
  <content>&lt;p&gt;&amp;nbsp;&lt;/p&gt;
&lt;h2&gt;You must recreate Python virtual environment after OS update from debain 9 to debain 11&lt;/h2&gt;
&lt;p&gt;Installation methods&lt;br /&gt;&lt;br /&gt;Python virtual environment + Home Assistant Core&lt;/p&gt;
&lt;p&gt;&amp;nbsp;&lt;/p&gt;
&lt;p&gt;you must recreate Python virtual environment&lt;/p&gt;
&lt;p&gt;&amp;nbsp;&lt;/p&gt;
&lt;pre class="language-java"&gt;&lt;code&gt;sudo useradd -rm homeassistant -G dialout,gpio,i2c
sudo chown homeassistant:homeassistant /srv/homeassistant

sudo -u homeassistant -H -s
cd /srv/homeassistant
python3.9 -m venv .
source bin/activate&lt;/code&gt;&lt;/pre&gt;
&lt;p&gt;&amp;nbsp;&lt;/p&gt;
&lt;p&gt;&amp;nbsp;&lt;/p&gt;
&lt;p&gt;&amp;nbsp;&lt;/p&gt;
&lt;h2&gt;Clean up the Cache and Obsolete Files&lt;/h2&gt;
&lt;pre class="language-java"&gt;&lt;code&gt;sudo apt autoremove
sudo apt clean&lt;/code&gt;&lt;/pre&gt;
&lt;p&gt;&amp;nbsp;&lt;/p&gt;
&lt;p&gt;disable pi wifi&lt;/p&gt;
&lt;pre class="language-markup"&gt;&lt;code&gt;echo "dtoverlay=pi3-disable-wifi" | sudo tee -a /boot/config.txt&lt;/code&gt;&lt;/pre&gt;
&lt;p&gt;&amp;nbsp;&lt;/p&gt;
&lt;p&gt;# dmesg&lt;/p&gt;
&lt;pre class="language-java"&gt;&lt;code&gt;root@raspberrypi:~# dmesg
[    0.000000] Booting Linux on physical CPU 0x0
[    0.000000] Linux version 4.19.66-v7+ (dom@buildbot) (gcc version 4.9.3 (crosstool-NG crosstool-ng-1.22.0-88-g8460611)) #1253 SMP Thu Aug 15 11:49:46 BST 2019
[    0.000000] CPU: ARMv7 Processor [410fd034] revision 4 (ARMv7), cr=10c5383d
[    0.000000] CPU: div instructions available: patching division code
[    0.000000] CPU: PIPT / VIPT nonaliasing data cache, VIPT aliasing instruction cache
[    0.000000] OF: fdt: Machine model: Raspberry Pi 3 Model B Rev 1.2
[    0.000000] Memory policy: Data cache writealloc
[    0.000000] cma: Reserved 8 MiB at 0x3ac00000
[    0.000000] On node 0 totalpages: 242688
[    0.000000]   Normal zone: 2133 pages used for memmap
[    0.000000]   Normal zone: 0 pages reserved
[    0.000000]   Normal zone: 242688 pages, LIFO batch:63
[    0.000000] random: get_random_bytes called from start_kernel+0xac/0x4b4 with crng_init=0
[    0.000000] percpu: Embedded 17 pages/cpu s39488 r8192 d21952 u69632
[    0.000000] pcpu-alloc: s39488 r8192 d21952 u69632 alloc=17*4096
[    0.000000] pcpu-alloc: [0] 0 [0] 1 [0] 2 [0] 3 
[    0.000000] Built 1 zonelists, mobility grouping on.  Total pages: 240555
[    0.000000] Kernel command line: coherent_pool=1M 8250.nr_uarts=0 bcm2708_fb.fbwidth=656 bcm2708_fb.fbheight=416 bcm2708_fb.fbswap=1 vc_mem.mem_base=0x3ec00000 vc_mem.mem_size=0x40000000  dwc_otg.lpm_enable=0 console=ttyS0,115200 console=tty1 root=PARTUUID=c7f08fe7-02 rootfstype=ext4 elevator=deadline fsck.repair=yes rootwait
[    0.000000] Dentry cache hash table entries: 131072 (order: 7, 524288 bytes)
[    0.000000] Inode-cache hash table entries: 65536 (order: 6, 262144 bytes)
[    0.000000] Memory: 939088K/970752K available (8192K kernel code, 629K rwdata, 2176K rodata, 1024K init, 821K bss, 23472K reserved, 8192K cma-reserved)
[    0.000000] Virtual kernel memory layout:
                   vector  : 0xffff0000 - 0xffff1000   (   4 kB)
                   fixmap  : 0xffc00000 - 0xfff00000   (3072 kB)
                   vmalloc : 0xbb800000 - 0xff800000   (1088 MB)
                   lowmem  : 0x80000000 - 0xbb400000   ( 948 MB)
                   modules : 0x7f000000 - 0x80000000   (  16 MB)
                     .text : 0x(ptrval) - 0x(ptrval)   (9184 kB)
                     .init : 0x(ptrval) - 0x(ptrval)   (1024 kB)
                     .data : 0x(ptrval) - 0x(ptrval)   ( 630 kB)
                      .bss : 0x(ptrval) - 0x(ptrval)   ( 822 kB)
[    0.000000] SLUB: HWalign=64, Order=0-3, MinObjects=0, CPUs=4, Nodes=1
[    0.000000] ftrace: allocating 26394 entries in 78 pages
[    0.000000] rcu: Hierarchical RCU implementation.
[    0.000000] NR_IRQS: 16, nr_irqs: 16, preallocated irqs: 16
[    0.000000] arch_timer: cp15 timer(s) running at 19.20MHz (phys).
[    0.000000] clocksource: arch_sys_counter: mask: 0xffffffffffffff max_cycles: 0x46d987e47, max_idle_ns: 440795202767 ns
[    0.000007] sched_clock: 56 bits at 19MHz, resolution 52ns, wraps every 4398046511078ns
[    0.000024] Switching to timer-based delay loop, resolution 52ns
[    0.000290] Console: colour dummy device 80x30
[    0.000912] console [tty1] enabled
[    0.000971] Calibrating delay loop (skipped), value calculated using timer frequency.. 38.40 BogoMIPS (lpj=192000)
[    0.001016] pid_max: default: 32768 minimum: 301
[    0.001371] Mount-cache hash table entries: 2048 (order: 1, 8192 bytes)
[    0.001407] Mountpoint-cache hash table entries: 2048 (order: 1, 8192 bytes)
[    0.002342] CPU: Testing write buffer coherency: ok
[    0.002826] CPU0: thread -1, cpu 0, socket 0, mpidr 80000000
[    0.003494] Setting up static identity map for 0x100000 - 0x10003c
[    0.003662] rcu: Hierarchical SRCU implementation.
[    0.004476] smp: Bringing up secondary CPUs ...
[    0.005332] CPU1: thread -1, cpu 1, socket 0, mpidr 80000001
[    0.006259] CPU2: thread -1, cpu 2, socket 0, mpidr 80000002
[    0.007120] CPU3: thread -1, cpu 3, socket 0, mpidr 80000003
[    0.007241] smp: Brought up 1 node, 4 CPUs
[    0.007323] SMP: Total of 4 processors activated (153.60 BogoMIPS).
[    0.007347] CPU: All CPU(s) started in HYP mode.
[    0.007368] CPU: Virtualization extensions available.
[    0.008358] devtmpfs: initialized
[    0.021276] VFP support v0.3: implementor 41 architecture 3 part 40 variant 3 rev 4
[    0.021551] clocksource: jiffies: mask: 0xffffffff max_cycles: 0xffffffff, max_idle_ns: 19112604462750000 ns
[    0.021599] futex hash table entries: 1024 (order: 4, 65536 bytes)
[    0.022204] pinctrl core: initialized pinctrl subsystem
[    0.023082] NET: Registered protocol family 16
[    0.026066] DMA: preallocated 1024 KiB pool for atomic coherent allocations
[    0.031783] hw-breakpoint: found 5 (+1 reserved) breakpoint and 4 watchpoint registers.
[    0.031819] hw-breakpoint: maximum watchpoint size is 8 bytes.
[    0.032039] Serial: AMBA PL011 UART driver
[    0.034344] bcm2835-mbox 3f00b880.mailbox: mailbox enabled
[    0.069498] bcm2835-dma 3f007000.dma: DMA legacy API manager at (ptrval), dmachans=0x1
[    0.071425] SCSI subsystem initialized
[    0.071663] usbcore: registered new interface driver usbfs
[    0.071746] usbcore: registered new interface driver hub
[    0.071857] usbcore: registered new device driver usb
[    0.090296] raspberrypi-firmware soc:firmware: Attached to firmware from 2019-08-15 12:06, variant start
[    0.100131] raspberrypi-firmware soc:firmware: Firmware hash is 0e6daa5106dd4164474616408e0dc24f997ffcf3
[    0.111795] clocksource: Switched to clocksource arch_sys_counter
[    0.201132] VFS: Disk quotas dquot_6.6.0
[    0.201243] VFS: Dquot-cache hash table entries: 1024 (order 0, 4096 bytes)
[    0.201453] FS-Cache: Loaded
[    0.201680] CacheFiles: Loaded
[    0.211681] NET: Registered protocol family 2
[    0.212500] tcp_listen_portaddr_hash hash table entries: 512 (order: 0, 6144 bytes)
[    0.212566] TCP established hash table entries: 8192 (order: 3, 32768 bytes)
[    0.212697] TCP bind hash table entries: 8192 (order: 4, 65536 bytes)
[    0.212901] TCP: Hash tables configured (established 8192 bind 8192)
[    0.213054] UDP hash table entries: 512 (order: 2, 16384 bytes)
[    0.213120] UDP-Lite hash table entries: 512 (order: 2, 16384 bytes)
[    0.213450] NET: Registered protocol family 1
[    0.214060] RPC: Registered named UNIX socket transport module.
[    0.214087] RPC: Registered udp transport module.
[    0.214109] RPC: Registered tcp transport module.
[    0.214131] RPC: Registered tcp NFSv4.1 backchannel transport module.
[    0.215770] hw perfevents: enabled with armv7_cortex_a7 PMU driver, 7 counters available
[    0.218812] Initialise system trusted keyrings
[    0.219015] workingset: timestamp_bits=14 max_order=18 bucket_order=4
[    0.228991] FS-Cache: Netfs 'nfs' registered for caching
[    0.229583] NFS: Registering the id_resolver key type
[    0.229630] Key type id_resolver registered
[    0.229652] Key type id_legacy registered
[    0.229683] nfs4filelayout_init: NFSv4 File Layout Driver Registering...
[    0.232048] Key type asymmetric registered
[    0.232078] Asymmetric key parser 'x509' registered
[    0.232145] Block layer SCSI generic (bsg) driver version 0.4 loaded (major 250)
[    0.232330] io scheduler noop registered
[    0.232354] io scheduler deadline registered (default)
[    0.232547] io scheduler cfq registered
[    0.232571] io scheduler mq-deadline registered (default)
[    0.232595] io scheduler kyber registered
[    0.235572] bcm2708_fb soc:fb: FB found 1 display(s)
[    0.244491] Console: switching to colour frame buffer device 82x26
[    0.251307] bcm2708_fb soc:fb: Registered framebuffer for display 0, size 656x416
[    0.258057] bcm2835-rng 3f104000.rng: hwrng registered
[    0.260751] vc-mem: phys_addr:0x00000000 mem_base=0x3ec00000 mem_size:0x40000000(1024 MiB)
[    0.266053] vc-sm: Videocore shared memory driver
[    0.268807] gpiomem-bcm2835 3f200000.gpiomem: Initialised: Registers at 0x3f200000
[    0.284670] brd: module loaded
[    0.297348] loop: module loaded
[    0.300389] Loading iSCSI transport class v2.0-870.
[    0.303606] libphy: Fixed MDIO Bus: probed
[    0.306116] usbcore: registered new interface driver lan78xx
[    0.308568] usbcore: registered new interface driver smsc95xx
[    0.310922] dwc_otg: version 3.00a 10-AUG-2012 (platform bus)
[    0.341201] dwc_otg 3f980000.usb: base=(ptrval)
[    0.543846] Core Release: 2.80a
[    0.546225] Setting default values for core params
[    0.548671] Finished setting default values for core params
[    0.751422] Using Buffer DMA mode
[    0.753830] Periodic Transfer Interrupt Enhancement - disabled
[    0.756257] Multiprocessor Interrupt Enhancement - disabled
[    0.758630] OTG VER PARAM: 0, OTG VER FLAG: 0
[    0.760977] Dedicated Tx FIFOs mode
[    0.763698] WARN::dwc_otg_hcd_init:1045: FIQ DMA bounce buffers: virt = bad04000 dma = 0xfad04000 len=9024
[    0.768276] FIQ FSM acceleration enabled for :
               Non-periodic Split Transactions
               Periodic Split Transactions
               High-Speed Isochronous Endpoints
               Interrupt/Control Split Transaction hack enabled
[    0.779192] dwc_otg: Microframe scheduler enabled
[    0.779252] WARN::hcd_init_fiq:457: FIQ on core 1
[    0.781482] WARN::hcd_init_fiq:458: FIQ ASM at 80654f4c length 36
[    0.783696] WARN::hcd_init_fiq:497: MPHI regs_base at bb810000
[    0.785955] dwc_otg 3f980000.usb: DWC OTG Controller
[    0.788217] dwc_otg 3f980000.usb: new USB bus registered, assigned bus number 1
[    0.790540] dwc_otg 3f980000.usb: irq 56, io mem 0x00000000
[    0.792865] Init: Port Power? op_state=1
[    0.795106] Init: Power Port (0)
[    0.797521] usb usb1: New USB device found, idVendor=1d6b, idProduct=0002, bcdDevice= 4.19
[    0.802055] usb usb1: New USB device strings: Mfr=3, Product=2, SerialNumber=1
[    0.804469] usb usb1: Product: DWC OTG Controller
[    0.806837] usb usb1: Manufacturer: Linux 4.19.66-v7+ dwc_otg_hcd
[    0.809259] usb usb1: SerialNumber: 3f980000.usb
[    0.812230] hub 1-0:1.0: USB hub found
[    0.814502] hub 1-0:1.0: 1 port detected
[    0.817262] dwc_otg: FIQ enabled
[    0.817268] dwc_otg: NAK holdoff enabled
[    0.817274] dwc_otg: FIQ split-transaction FSM enabled
[    0.817284] Module dwc_common_port init
[    0.817555] usbcore: registered new interface driver usb-storage
[    0.820005] mousedev: PS/2 mouse device common for all mice
[    0.823205] bcm2835-wdt bcm2835-wdt: Broadcom BCM2835 watchdog timer
[    0.825826] bcm2835-cpufreq: min=600000 max=1200000
[    0.828643] sdhci: Secure Digital Host Controller Interface driver
[    0.831048] sdhci: Copyright(c) Pierre Ossman
[    0.833836] mmc-bcm2835 3f300000.mmcnr: could not get clk, deferring probe
[    0.836738] sdhost-bcm2835 3f202000.mmc: could not get clk, deferring probe
[    0.839410] sdhci-pltfm: SDHCI platform and OF driver helper
[    0.843518] ledtrig-cpu: registered to indicate activity on CPUs
[    0.846284] hidraw: raw HID events driver (C) Jiri Kosina
[    0.849050] usbcore: registered new interface driver usbhid
[    0.851673] usbhid: USB HID core driver
[    0.855002] vchiq: vchiq_init_state: slot_zero = (ptrval), is_master = 0
[    0.859107] [vc_sm_connected_init]: start
[    0.867857] [vc_sm_connected_init]: end - returning 0
[    0.871389] Initializing XFRM netlink socket
[    0.873853] NET: Registered protocol family 17
[    0.876356] Key type dns_resolver registered
[    0.879192] Registering SWP/SWPB emulation handler
[    0.882299] registered taskstats version 1
[    0.884699] Loading compiled-in X.509 certificates
[    0.894311] uart-pl011 3f201000.serial: cts_event_workaround enabled
[    0.896833] 3f201000.serial: ttyAMA0 at MMIO 0x3f201000 (irq = 81, base_baud = 0) is a PL011 rev2
[    0.903625] mmc-bcm2835 3f300000.mmcnr: mmc_debug:0 mmc_debug2:0
[    0.906155] mmc-bcm2835 3f300000.mmcnr: DMA channel allocated
[    0.934766] sdhost: log_buf @ (ptrval) (fad07000)
[    0.973001] mmc1: queuing unknown CIS tuple 0x80 (2 bytes)
[    0.976960] mmc1: queuing unknown CIS tuple 0x80 (3 bytes)
[    0.980812] mmc1: queuing unknown CIS tuple 0x80 (3 bytes)
[    0.983044] mmc0: sdhost-bcm2835 loaded - DMA enabled (&amp;gt;1)
[    0.986513] of_cfs_init
[    0.988758] of_cfs_init: OK
[    0.991357] Waiting for root device PARTUUID=c7f08fe7-02...
[    1.007639] mmc1: queuing unknown CIS tuple 0x80 (7 bytes)
[    1.031914] Indeed it is in host mode hprt0 = 00021501
[    1.102557] random: fast init done
[    1.130709] mmc0: host does not support reading read-only switch, assuming write-enable
[    1.139148] mmc0: new high speed SDHC card at address aaaa
[    1.142685] mmcblk0: mmc0:aaaa SC32G 29.7 GiB
[    1.150303]  mmcblk0: p1 p2
[    1.176323] EXT4-fs (mmcblk0p2): mounted filesystem with ordered data mode. Opts: (null)
[    1.180913] VFS: Mounted root (ext4 filesystem) readonly on device 179:2.
[    1.181014] mmc1: new high speed SDIO card at address 0001
[    1.193664] devtmpfs: mounted
[    1.201305] Freeing unused kernel memory: 1024K
[    1.212215] Run /sbin/init as init process
[    1.241852] usb 1-1: new high-speed USB device number 2 using dwc_otg
[    1.244551] Indeed it is in host mode hprt0 = 00001101
[    1.482135] usb 1-1: New USB device found, idVendor=0424, idProduct=9514, bcdDevice= 2.00
[    1.487454] usb 1-1: New USB device strings: Mfr=0, Product=0, SerialNumber=0
[    1.490971] hub 1-1:1.0: USB hub found
[    1.493898] hub 1-1:1.0: 5 ports detected
[    1.753737] systemd[1]: System time before build time, advancing clock.
[    1.811850] usb 1-1.1: new high-speed USB device number 3 using dwc_otg
[    1.895291] NET: Registered protocol family 10
[    1.899340] Segment Routing with IPv6
[    1.923870] cgroup: cgroup2: unknown option "memory_recursiveprot"
[    1.942158] usb 1-1.1: New USB device found, idVendor=0424, idProduct=ec00, bcdDevice= 2.00
[    1.947708] usb 1-1.1: New USB device strings: Mfr=0, Product=0, SerialNumber=0
[    1.953264] smsc95xx v1.0.6
[    1.958933] systemd[1]: systemd 247.3-6+rpi1 running in system mode. (+PAM +AUDIT +SELINUX +IMA +APPARMOR +SMACK +SYSVINIT +UTMP +LIBCRYPTSETUP +GCRYPT +GNUTLS +ACL +XZ +LZ4 +ZSTD +SECCOMP +BLKID +ELFUTILS +KMOD +IDN2 -IDN +PCRE2 default-hierarchy=unified)
[    1.972027] systemd[1]: Detected architecture arm.
[    2.005043] systemd[1]: Set hostname to &amp;lt;raspberrypi&amp;gt;.
[    2.047681] smsc95xx 1-1.1:1.0 eth0: register 'smsc95xx' at usb-3f980000.usb-1.1, smsc95xx USB 2.0 Ethernet, b8:27:eb:80:3c:50
[    2.887501] systemd[1]: /lib/systemd/system/plymouth-start.service:16: Unit configured to use KillMode=none. This is unsafe, as it disables systemd's process lifecycle management for the service. Please update your service to use a safer KillMode=, such as 'mixed' or 'control-group'. Support for KillMode=none is deprecated and will eventually be removed.
[    3.193163] systemd[1]: /etc/systemd/system/frpc.service:7: Special user nobody configured, this is not safe!
[    3.363986] systemd[1]: Queued start job for default target Multi-User System.
[    3.369548] random: systemd: uninitialized urandom read (16 bytes read)
[    3.373269] systemd[1]: system-getty.slice: unit configures an IP firewall, but the local system does not support BPF/cgroup firewalling.
[    3.379771] systemd[1]: (This warning is only shown for the first unit using IP firewalling.)
[    3.391332] systemd[1]: Created slice system-getty.slice.
[    3.398942] random: systemd: uninitialized urandom read (16 bytes read)
[    3.404095] systemd[1]: Created slice system-modprobe.slice.
[    3.411465] random: systemd: uninitialized urandom read (16 bytes read)
[    3.416946] systemd[1]: Created slice system-systemd\x2dfsck.slice.
[    3.425714] systemd[1]: Created slice User and Session Slice.
[    3.433492] systemd[1]: Started Forward Password Requests to Wall Directory Watch.
[    3.445524] systemd[1]: Set up automount Arbitrary Executable File Formats File System Automount Point.
[    3.457247] systemd[1]: Reached target Slices.
[    3.464594] systemd[1]: Reached target Swap.
[    3.472620] systemd[1]: Listening on Syslog Socket.
[    3.479965] systemd[1]: Listening on fsck to fsckd communication Socket.
[    3.487087] systemd[1]: Listening on initctl Compatibility Named Pipe.
[    3.521272] systemd[1]: Condition check resulted in Journal Audit Socket being skipped.
[    3.528594] systemd[1]: Listening on Journal Socket (/dev/log).
[    3.536301] systemd[1]: Listening on Journal Socket.
[    3.543952] systemd[1]: Listening on udev Control Socket.
[    3.551045] systemd[1]: Listening on udev Kernel Socket.
[    3.558618] systemd[1]: Condition check resulted in Huge Pages File System being skipped.
[    3.569529] systemd[1]: Mounting POSIX Message Queue File System...
[    3.581563] systemd[1]: Mounting RPC Pipe File System...
[    3.594891] systemd[1]: Mounting Kernel Debug File System...
[    3.607299] systemd[1]: Mounting Kernel Trace File System...
[    3.614767] systemd[1]: Condition check resulted in Kernel Module supporting RPCSEC_GSS being skipped.
[    3.629877] systemd[1]: Starting Restore / save the current clock...
[    3.643155] systemd[1]: Starting Set the console keyboard layout...
[    3.656187] systemd[1]: Starting Create list of static device nodes for the current kernel...
[    3.674292] systemd[1]: Starting Load Kernel Module configfs...
[    3.687575] systemd[1]: Starting Load Kernel Module drm...
[    3.700901] systemd[1]: Starting Load Kernel Module fuse...
[    3.732115] systemd[1]: Condition check resulted in Set Up Additional Binary Formats being skipped.
[    3.745201] systemd[1]: Starting File System Check on Root Device...
[    3.760648] systemd[1]: Starting Journal Service...
[    3.766665] fuse init (API version 7.27)
[    3.809744] systemd[1]: Starting Load Kernel Modules...
[    3.823639] systemd[1]: Starting Coldplug All udev Devices...
[    3.844769] systemd[1]: Mounted POSIX Message Queue File System.
[    3.852882] systemd[1]: Mounted RPC Pipe File System.
[    3.860957] systemd[1]: Mounted Kernel Debug File System.
[    3.868975] systemd[1]: Mounted Kernel Trace File System.
[    3.877604] systemd[1]: Finished Restore / save the current clock.
[    3.899461] systemd[1]: Finished Create list of static device nodes for the current kernel.
[    3.904358] i2c /dev entries driver
[    3.913832] systemd[1]: modprobe@configfs.service: Succeeded.
[    3.918292] systemd[1]: Finished Load Kernel Module configfs.
[    3.927042] systemd[1]: modprobe@drm.service: Succeeded.
[    3.932687] systemd[1]: Finished Load Kernel Module drm.
[    3.940906] systemd[1]: modprobe@fuse.service: Succeeded.
[    3.945183] systemd[1]: Finished Load Kernel Module fuse.
[    3.953637] systemd[1]: Finished Load Kernel Modules.
[    3.966769] systemd[1]: Mounting FUSE Control File System...
[    3.978838] systemd[1]: Mounting Kernel Configuration File System...
[    3.991346] systemd[1]: Started File System Check Daemon to report status.
[    4.008264] systemd[1]: Starting Apply Kernel Variables...
[    4.029995] systemd[1]: Mounted FUSE Control File System.
[    4.076428] systemd[1]: Started Journal Service.
[    4.332813] EXT4-fs (mmcblk0p2): re-mounted. Opts: (null)
[    4.410184] systemd-journald[119]: Received client request to flush runtime journal.
[    4.461745] systemd-journald[119]: File /var/log/journal/d34c7540b46d4ab3ae20e4c94a7b3d25/system.journal corrupted or uncleanly shut down, renaming and replacing.
[    5.703084] media: Linux media interface: v0.10
[    5.706565] vc_sm_cma: module is from the staging directory, the quality is unknown, you have been warned.
[    5.709354] bcm2835_vc_sm_cma_probe: Videocore shared memory driver
[    5.709375] [vc_sm_connected_init]: start
[    5.722244] [vc_sm_connected_init]: installed successfully
[    5.739740] videodev: Linux video capture interface: v2.00
[    5.772070] bcm2835_mmal_vchiq: module is from the staging directory, the quality is unknown, you have been warned.
[    5.782111] bcm2835_mmal_vchiq: module is from the staging directory, the quality is unknown, you have been warned.
[    5.789647] bcm2835_v4l2: module is from the staging directory, the quality is unknown, you have been warned.
[    5.845687] bcm2835_codec: module is from the staging directory, the quality is unknown, you have been warned.
[    5.856957] bcm2835-codec bcm2835-codec: Device registered as /dev/video10
[    5.856971] bcm2835-codec bcm2835-codec: Loaded V4L2 decode
[    5.864694] bcm2835-codec bcm2835-codec: Device registered as /dev/video11
[    5.864710] bcm2835-codec bcm2835-codec: Loaded V4L2 encode
[    5.876657] bcm2835-codec bcm2835-codec: Device registered as /dev/video12
[    5.876672] bcm2835-codec bcm2835-codec: Loaded V4L2 isp
[    5.915869] snd_bcm2835: module is from the staging directory, the quality is unknown, you have been warned.
[    5.929373] bcm2835_audio soc:audio: card created with 8 channels
[    6.139337] cfg80211: Loading compiled-in X.509 certificates for regulatory database
[    6.267336] cfg80211: Loaded X.509 cert 'sforshee: 00b28ddf47aef9cea7'
[    6.284335] PKCS#7 signature not signed with a trusted key
[    6.284375] cfg80211: loaded regulatory.db is malformed or signature is missing/invalid
[    6.288477] smsc95xx 1-1.1:1.0 enxb827eb803c50: renamed from eth0
[    6.334724] brcmfmac: F1 signature read @0x18000000=0x1541a9a6
[    6.352196] brcmfmac: brcmf_fw_alloc_request: using brcm/brcmfmac43430-sdio for chip BCM43430/1
[    6.352467] usbcore: registered new interface driver brcmfmac
[    6.562176] brcmfmac: brcmf_fw_alloc_request: using brcm/brcmfmac43430-sdio for chip BCM43430/1
[    6.562287] brcmfmac: brcmf_c_process_clm_blob: no clm_blob available (err=-2), device may have limited channels available
[    6.563039] brcmfmac: brcmf_c_preinit_dcmds: Firmware: BCM43430/1 wl0: Oct 23 2017 03:55:53 version 7.45.98.38 (r674442 CY) FWID 01-e58d219f
[    8.057421] uart-pl011 3f201000.serial: no DMA platform data
[    8.311954] Bluetooth: Core ver 2.22
[    8.312053] NET: Registered protocol family 31
[    8.312060] Bluetooth: HCI device and connection manager initialized
[    8.312083] Bluetooth: HCI socket layer initialized
[    8.312099] Bluetooth: L2CAP socket layer initialized
[    8.312138] Bluetooth: SCO socket layer initialized
[    8.377362] Bluetooth: HCI UART driver ver 2.3
[    8.377378] Bluetooth: HCI UART protocol H4 registered
[    8.382121] Bluetooth: HCI UART protocol Three-wire (H5) registered
[    8.382395] Bluetooth: HCI UART protocol Broadcom registered
[    8.405635] Adding 102396k swap on /var/swap.  Priority:-2 extents:1 across:102396k SSFS
[    9.261528] Bluetooth: BNEP (Ethernet Emulation) ver 1.3
[    9.261543] Bluetooth: BNEP filters: protocol multicast
[    9.261567] Bluetooth: BNEP socket layer initialized
[    9.304142] smsc95xx 1-1.1:1.0 enxb827eb803c50: hardware isn't capable of remote wakeup
[    9.309549] NET: Registered protocol family 38
[    9.371684] cryptd: max_cpu_qlen set to 1000
[    9.388143] 8021q: 802.1Q VLAN Support v1.8
[    9.551379] Bluetooth: RFCOMM TTY layer initialized
[    9.551426] Bluetooth: RFCOMM socket layer initialized
[    9.551465] Bluetooth: RFCOMM ver 1.11
[   10.071987] Under-voltage detected! (0x00050005)
[   10.396517] random: crng init done
[   10.396535] random: 7 urandom warning(s) missed due to ratelimiting
[   10.593919] IPv6: ADDRCONF(NETDEV_UP): enxb827eb803c50: link is not ready
[   10.923071] smsc95xx 1-1.1:1.0 enxb827eb803c50: link up, 100Mbps, full-duplex, lpa 0xC5E1
[   10.925180] IPv6: ADDRCONF(NETDEV_CHANGE): enxb827eb803c50: link becomes ready
[   16.311901] Voltage normalised (0x00000000)
[   18.391994] Under-voltage detected! (0x00050005)
&lt;/code&gt;&lt;/pre&gt;</content>
  <ispublished>true</ispublished>
  <categories>
    <category>home assistant</category>
  </categories>
  <tags>
    <tag>home assistant</tag>
  </tags>
  <comments></comments>
</post>